<html>
<body>
<pre>
<h1>µVision Build Log</h1>
<h2>Tool Versions:</h2>
IDE-Version: µVision V5.26.2.0
Copyright (C) 2018 ARM Ltd and ARM Germany GmbH. All rights reserved.
License Information: sdfsdfsdf Microsoft, Microsoft, LIC=----
 
Tool Versions:
Toolchain:       MDK-Lite  Version: 5.26.2.0
Toolchain Path:  C:\Keil_v5\ARM\ARMCC\Bin
C Compiler:      Armcc.exe V5.06 update 6 (build 750)
Assembler:       Armasm.exe V5.06 update 6 (build 750)
Linker/Locator:  ArmLink.exe V5.06 update 6 (build 750)
Library Manager: ArmAr.exe V5.06 update 6 (build 750)
Hex Converter:   FromElf.exe V5.06 update 6 (build 750)
CPU DLL:         SARMCM3.DLL V5.26.2.0
Dialog DLL:      DCM.DLL V1.17.2.0
Target DLL:      STLink\ST-LINKIII-KEIL_SWO.dll V3.0.5.0
Dialog DLL:      TCM.DLL V1.36.1.0
 
<h2>Project:</h2>
C:\Users\Sebastian\STM32\tutorial.uvprojx
Project File Date:  01/07/2019

<h2>Output:</h2>
*** Using Compiler 'V5.06 update 6 (build 750)', folder: 'C:\Keil_v5\ARM\ARMCC\Bin'
Build target 'Target 1'
compiling main.c...
main.c(100): warning:  #223-D: function "sprintf" declared implicitly
                sprintf(buffer, "%d\n\r", ADC_GetConversionValue(ADC1));
main.c(108): warning:  #1-D: last line of file ends without a newline
  }
main.c: 2 warnings, 0 errors
linking...
Program Size: Code=2972 RO-data=320 RW-data=44 ZI-data=1636  
".\Objects\tutorial.axf" - 0 Error(s), 2 Warning(s).

<h2>Software Packages used:</h2>

Package Vendor: ARM
                http://www.keil.com/pack/ARM.CMSIS.5.4.0.pack
                ARM.CMSIS.5.4.0
                CMSIS (Cortex Microcontroller Software Interface Standard)
   * Component: CORE Version: 5.1.2

Package Vendor: Keil
                http://www.keil.com/pack/Keil.STM32F1xx_DFP.2.3.0.pack
                Keil.STM32F1xx_DFP.2.3.0
                STMicroelectronics STM32F1 Series Device Support, Drivers and Examples
   * Component: Startup Version: 1.0.0
   * Component: ADC Version: 3.5.0
   * Component: BKP Version: 3.5.0
   * Component: CAN Version: 3.5.0
   * Component: CEC Version: 3.5.0
   * Component: CRC Version: 3.5.0
   * Component: DAC Version: 3.5.0
   * Component: DBGMCU Version: 3.5.0
   * Component: DMA Version: 3.5.0
   * Component: EXTI Version: 3.5.0
   * Component: FSMC Version: 3.5.0
   * Component: Flash Version: 3.5.0
   * Component: Framework Version: 3.5.1
   * Component: GPIO Version: 3.5.0
   * Component: I2C Version: 3.5.0
   * Component: IWDG Version: 3.5.0
   * Component: PWR Version: 3.5.0
   * Component: RCC Version: 3.5.0
   * Component: RTC Version: 3.5.0
   * Component: SDIO Version: 3.5.0
   * Component: SPI Version: 3.5.0
   * Component: TIM Version: 3.5.0
   * Component: USART Version: 3.5.0
   * Component: WWDG Version: 3.5.0

<h2>Collection of Component include folders:</h2>
  .\RTE\Device\STM32F100RB
  .\RTE\_Target_1
  C:\Keil_v5\ARM\PACK\ARM\CMSIS\5.4.0\CMSIS\Core\Include
  C:\Keil_v5\ARM\PACK\Keil\STM32F1xx_DFP\2.3.0\Device\Include
  C:\Keil_v5\ARM\PACK\Keil\STM32F1xx_DFP\2.3.0\Device\StdPeriph_Driver\inc

<h2>Collection of Component Files used:</h2>

   * Component: ARM::CMSIS:CORE:5.1.2

   * Component: Keil::Device:Startup:1.0.0
      Source file:   Device\Source\ARM\startup_stm32f10x_md_vl.s
      Source file:   Device\Source\system_stm32f10x.c
      Include file:  RTE_Driver\Config\RTE_Device.h
      Source file:   Device\Source\ARM\STM32F1xx_OPT.s

   * Component: Keil::Device:StdPeriph Drivers:ADC:3.5.0
      Include file:  Device\StdPeriph_Driver\inc\stm32f10x_adc.h
      Source file:   Device\StdPeriph_Driver\src\stm32f10x_adc.c

   * Component: Keil::Device:StdPeriph Drivers:BKP:3.5.0
      Include file:  Device\StdPeriph_Driver\inc\stm32f10x_bkp.h
      Source file:   Device\StdPeriph_Driver\src\stm32f10x_bkp.c

   * Component: Keil::Device:StdPeriph Drivers:CAN:3.5.0
      Include file:  Device\StdPeriph_Driver\inc\stm32f10x_can.h
      Source file:   Device\StdPeriph_Driver\src\stm32f10x_can.c

   * Component: Keil::Device:StdPeriph Drivers:CEC:3.5.0
      Include file:  Device\StdPeriph_Driver\inc\stm32f10x_cec.h
      Source file:   Device\StdPeriph_Driver\src\stm32f10x_cec.c

   * Component: Keil::Device:StdPeriph Drivers:CRC:3.5.0
      Include file:  Device\StdPeriph_Driver\inc\stm32f10x_crc.h
      Source file:   Device\StdPeriph_Driver\src\stm32f10x_crc.c

   * Component: Keil::Device:StdPeriph Drivers:DAC:3.5.0
      Include file:  Device\StdPeriph_Driver\inc\stm32f10x_dac.h
      Source file:   Device\StdPeriph_Driver\src\stm32f10x_dac.c

   * Component: Keil::Device:StdPeriph Drivers:DBGMCU:3.5.0
      Include file:  Device\StdPeriph_Driver\inc\stm32f10x_dbgmcu.h
      Source file:   Device\StdPeriph_Driver\src\stm32f10x_dbgmcu.c

   * Component: Keil::Device:StdPeriph Drivers:DMA:3.5.0
      Include file:  Device\StdPeriph_Driver\inc\stm32f10x_dma.h
      Source file:   Device\StdPeriph_Driver\src\stm32f10x_dma.c

   * Component: Keil::Device:StdPeriph Drivers:EXTI:3.5.0
      Include file:  Device\StdPeriph_Driver\inc\stm32f10x_exti.h
      Source file:   Device\StdPeriph_Driver\src\stm32f10x_exti.c

   * Component: Keil::Device:StdPeriph Drivers:FSMC:3.5.0
      Include file:  Device\StdPeriph_Driver\inc\stm32f10x_fsmc.h
      Source file:   Device\StdPeriph_Driver\src\stm32f10x_fsmc.c

   * Component: Keil::Device:StdPeriph Drivers:Flash:3.5.0
      Include file:  Device\StdPeriph_Driver\inc\stm32f10x_flash.h
      Source file:   Device\StdPeriph_Driver\src\stm32f10x_flash.c

   * Component: Keil::Device:StdPeriph Drivers:Framework:3.5.1
      Include file:  Device\StdPeriph_Driver\inc\misc.h
      Source file:   Device\StdPeriph_Driver\src\misc.c
      Source file:   Device\StdPeriph_Driver\templates\stm32f10x_conf.h
      Include file:  Device\StdPeriph_Driver\templates\stm32f10x_it.h
      Source file:   Device\StdPeriph_Driver\templates\stm32f10x_it.c

   * Component: Keil::Device:StdPeriph Drivers:GPIO:3.5.0
      Include file:  Device\StdPeriph_Driver\inc\stm32f10x_gpio.h
      Source file:   Device\StdPeriph_Driver\src\stm32f10x_gpio.c

   * Component: Keil::Device:StdPeriph Drivers:I2C:3.5.0
      Include file:  Device\StdPeriph_Driver\inc\stm32f10x_i2c.h
      Source file:   Device\StdPeriph_Driver\src\stm32f10x_i2c.c

   * Component: Keil::Device:StdPeriph Drivers:IWDG:3.5.0
      Include file:  Device\StdPeriph_Driver\inc\stm32f10x_iwdg.h
      Source file:   Device\StdPeriph_Driver\src\stm32f10x_iwdg.c

   * Component: Keil::Device:StdPeriph Drivers:PWR:3.5.0
      Include file:  Device\StdPeriph_Driver\inc\stm32f10x_pwr.h
      Source file:   Device\StdPeriph_Driver\src\stm32f10x_pwr.c

   * Component: Keil::Device:StdPeriph Drivers:RCC:3.5.0
      Include file:  Device\StdPeriph_Driver\inc\stm32f10x_rcc.h
      Source file:   Device\StdPeriph_Driver\src\stm32f10x_rcc.c

   * Component: Keil::Device:StdPeriph Drivers:RTC:3.5.0
      Include file:  Device\StdPeriph_Driver\inc\stm32f10x_rtc.h
      Source file:   Device\StdPeriph_Driver\src\stm32f10x_rtc.c

   * Component: Keil::Device:StdPeriph Drivers:SDIO:3.5.0
      Include file:  Device\StdPeriph_Driver\inc\stm32f10x_sdio.h
      Source file:   Device\StdPeriph_Driver\src\stm32f10x_sdio.c

   * Component: Keil::Device:StdPeriph Drivers:SPI:3.5.0
      Include file:  Device\StdPeriph_Driver\inc\stm32f10x_spi.h
      Source file:   Device\StdPeriph_Driver\src\stm32f10x_spi.c

   * Component: Keil::Device:StdPeriph Drivers:TIM:3.5.0
      Include file:  Device\StdPeriph_Driver\inc\stm32f10x_tim.h
      Source file:   Device\StdPeriph_Driver\src\stm32f10x_tim.c

   * Component: Keil::Device:StdPeriph Drivers:USART:3.5.0
      Include file:  Device\StdPeriph_Driver\inc\stm32f10x_usart.h
      Source file:   Device\StdPeriph_Driver\src\stm32f10x_usart.c

   * Component: Keil::Device:StdPeriph Drivers:WWDG:3.5.0
      Include file:  Device\StdPeriph_Driver\inc\stm32f10x_wwdg.h
      Source file:   Device\StdPeriph_Driver\src\stm32f10x_wwdg.c
Build Time Elapsed:  00:00:03
</pre>
</body>
</html>
